app/exercise/[id]/page.tsx(356,23): error TS2339: Property 'title' does not exist on type 'Exercise'.
app/exercise/[id]/page.tsx(361,17): error TS2367: This comparison appears to be unintentional because the types '"l├ñtt" | "medel" | "sv├Ñr"' and '"easy"' have no overlap.
app/exercise/[id]/page.tsx(363,21): error TS2367: This comparison appears to be unintentional because the types '"l├ñtt" | "medel" | "sv├Ñr"' and '"medium"' have no overlap.
